-- checking spherical line operators
SELECT sline ( spoint '(0, 90d)', spoint '(0, -89d)' )   =
       sline ( spoint '(0, 90d)', spoint '(0, -89d)' )  ;
 ?column? 
----------
 t
(1 row)

SELECT sline ( spoint '(0,  90d)', spoint '(0, -89d)' )   <>
       sline ( spoint '(0, -89d)', spoint '(0,  90d)' ) ;
 ?column? 
----------
 t
(1 row)

