-- I/O test --

-- Output ---
SELECT set_sphere_output( DEG );
 set_sphere_output 
-------------------
 SET DEG
(1 row)

SELECT ( 1h 2m 30s , +1d 2m 30s) 
            spoint             
-------------------------------
 (15.625d , 1.04166666666667d)
(1 row)

SELECT ( 0h 2m 30s , +0d 2m 30s) 
             spoint             
--------------------------------
 (0.625d , 0.0416666666666667d)
(1 row)

SELECT ( 1h 2m 30s , -1d 2m 30s) 
             spoint             
--------------------------------
 (15.625d , -1.04166666666666d)
(1 row)

SELECT ( 0h 2m 30s , -0d 2m 30s) 
             spoint              
---------------------------------
 (0.625d , -0.0416666666666726d)
(1 row)

SELECT ( 0h 2m 30s , 90d 0m 0s) 
     spoint     
----------------
 (0.625d , 90d)
(1 row)

SELECT ( 0h 2m 30s ,-90d 0m 0s) 
     spoint      
-----------------
 (0.625d , -90d)
(1 row)

SELECT set_sphere_output( DMS );
 set_sphere_output 
-------------------
 SET DMS
(1 row)

SELECT ( 1h 2m 30s , +1d 2m 30s) 
            spoint             
-------------------------------
 ( 15d 37m 30s , + 1d  2m 30s)
(1 row)

SELECT ( 0h 2m 30s , +0d 2m 30s) 
            spoint             
-------------------------------
 (  0d 37m 30s , + 0d  2m 30s)
(1 row)

SELECT ( 1h 2m 30s , -1d 2m 30s) 
            spoint             
-------------------------------
 ( 15d 37m 30s , - 1d  2m 30s)
(1 row)

SELECT ( 0h 2m 30s , -0d 2m 30s) 
            spoint             
-------------------------------
 (  0d 37m 30s , - 0d  2m 30s)
(1 row)

SELECT ( 0h 2m 30s , 90d 0m 0s) 
            spoint            
------------------------------
 (  0d 37m 30s , +90d  0m 0s)
(1 row)

SELECT ( 0h 2m 30s ,-90d 0m 0s) 
            spoint            
------------------------------
 (  0d 37m 30s , -90d  0m 0s)
(1 row)

SELECT set_sphere_output( HMS );
 set_sphere_output 
-------------------
 SET HMS
(1 row)

SELECT ( 1h 2m 30s , +1d 2m 30s) 
            spoint             
-------------------------------
 (  1h  2m 30s , + 1d  2m 30s)
(1 row)

SELECT ( 0h 2m 30s , +0d 2m 30s) 
            spoint             
-------------------------------
 (  0h  2m 30s , + 0d  2m 30s)
(1 row)

SELECT ( 1h 2m 30s , -1d 2m 30s) 
            spoint             
-------------------------------
 (  1h  2m 30s , - 1d  2m 30s)
(1 row)

SELECT ( 0h 2m 30s , -0d 2m 30s) 
            spoint             
-------------------------------
 (  0h  2m 30s , - 0d  2m 30s)
(1 row)

SELECT ( 0h 2m 30s , 90d 0m 0s) 
            spoint            
------------------------------
 (  0h  2m 30s , +90d  0m 0s)
(1 row)

SELECT ( 0h 2m 30s ,-90d 0m 0s) 
            spoint            
------------------------------
 (  0h  2m 30s , -90d  0m 0s)
(1 row)

SELECT set_sphere_output( RAD );
 set_sphere_output 
-------------------
 SET RAD
(1 row)

SELECT ( 1h 2m 30s , +1d 2m 30s) 
                  spoint                  
------------------------------------------
 (0.272707695624114 , 0.0181805130416076)
(1 row)

SELECT ( 0h 2m 30s , +0d 2m 30s) 
                   spoint                    
---------------------------------------------
 (0.0109083078249646 , 0.000727220521664304)
(1 row)

SELECT ( 1h 2m 30s , -1d 2m 30s) 
                  spoint                   
-------------------------------------------
 (0.272707695624114 , -0.0181805130416075)
(1 row)

SELECT ( 0h 2m 30s , -0d 2m 30s) 
                    spoint                    
----------------------------------------------
 (0.0109083078249646 , -0.000727220521664407)
(1 row)

SELECT ( 0h 2m 30s , 90d 0m 0s) 
                 spoint                 
----------------------------------------
 (0.0109083078249646 , 1.5707963267949)
(1 row)

SELECT ( 0h 2m 30s ,-90d 0m 0s) 
                 spoint                  
-----------------------------------------
 (0.0109083078249646 , -1.5707963267949)
(1 row)


-- "incorrect dec. values"
SELECT set_sphere_output( DEG );
 set_sphere_output 
-------------------
 SET DEG
(1 row)

SELECT ( 0h 2m 30s , 95d 0m 0s) 
      spoint      
------------------
 (180.625d , 85d)
(1 row)

SELECT ( 24h 2m 30s , 5d 0m 0s) 
          spoint           
---------------------------
 (0.624999999999987d , 5d)
(1 row)

SELECT ( -0h 2m 30s , -5d 0m 0s) 
             spoint              
---------------------------------
 (359.375d , -4.99999999999999d)
(1 row)

SELECT ( 0h 2m 30s , -95d 0m 0s) 
      spoint       
-------------------
 (180.625d , -85d)
(1 row)


-- Input --
SELECT ( 0h 2m 30s , -0d 2m 30s) 
             spoint              
---------------------------------
 (0.625d , -0.0416666666666726d)
(1 row)

SELECT ( 0d 37m 30s , -0d 2m 30s) 
             spoint              
---------------------------------
 (0.625d , -0.0416666666666726d)
(1 row)

SELECT ( 0.625d , -0.04166666666666667d) 
             spoint              
---------------------------------
 (0.625d , -0.0416666666666726d)
(1 row)

SELECT (0.0109083078249646 , -0.000727220521664407) 
                   spoint                    
---------------------------------------------
 (0.625000000000002d , -0.0416666666666726d)
(1 row)



-- functions for point --------------
-- spoint(float8, float8)
SELECT spoint(0.0109083078249646 , -0.000727220521664407);
                   spoint                    
---------------------------------------------
 (0.625000000000002d , -0.0416666666666726d)
(1 row)

SELECT set_sphere_output( RAD );
 set_sphere_output 
-------------------
 SET RAD
(1 row)

SELECT spoint(7.28318530717958623 , 0.00);
 spoint  
---------
 (1 , 0)
(1 row)

SELECT spoint(0.0 , 2.141592653589793116);
         spoint         
------------------------
 (3.14159265358979 , 1)
(1 row)


-- dist(spoint,spoint)
SELECT dist('( 0h 2m 30s , 0d 0m 0s)'::spoint,'( 0h 0m 30s , 0d 0m 0s)'::spoint);
        dist         
---------------------
 0.00872664625996925
(1 row)

SELECT dist('( 0h 2m 30s , 0d 0m 0s)'::spoint,'( 0h 2m 30s , 10d 0m 0s)'::spoint);
       dist        
-------------------
 0.174532925199433
(1 row)

SELECT dist('( 0h 2m 30s , 0d 0m 0s)'::spoint,'( 0h 2m 30s , -10d 0m 0s)'::spoint);
       dist        
-------------------
 0.174532925199433
(1 row)

SELECT dist('( 0h 2m 30s , 95d 0m 0s)'::spoint,'( 12h 2m 30s , 85d 0m 0s)'::spoint);
 dist 
------
    0
(1 row)

SELECT dist('( 24h 2m 30s , 10d 0m 0s)'::spoint,'( 0h 2m 30s , -10d 0m 0s)'::spoint);
       dist        
-------------------
 0.349065850398866
(1 row)

SELECT dist('( 0h 2m 30s , 90d 0m 0s)'::spoint,'( 12h 2m 30s , 90d 0m 0s)'::spoint);
 dist 
------
    0
(1 row)

SELECT dist('( 0h 2m 30s , -90d 0m 0s)'::spoint,'( 12h 2m 30s , -90d 0m 0s)'::spoint);
 dist 
------
    0
(1 row)


-- long(spoint)
SELECT long('( 0h 2m 30s , 0d 0m 0s)'::spoint);
        long        
--------------------
 0.0109083078249646
(1 row)

SELECT long('( 0h 2m 30s ,95d 0m 0s)'::spoint);
       long       
------------------
 3.15250096141476
(1 row)

SELECT long('( 0h 2m 30s ,85d 0m 0s)'::spoint);
        long        
--------------------
 0.0109083078249646
(1 row)

SELECT long('( 0h 2m 30s ,-95d 0m 0s)'::spoint);
       long       
------------------
 3.15250096141476
(1 row)

SELECT long('( 0h 2m 30s ,-85d 0m 0s)'::spoint);
        long        
--------------------
 0.0109083078249646
(1 row)

SELECT long('( 0h 2m 30s ,90d 0m 0s)'::spoint);
        long        
--------------------
 0.0109083078249646
(1 row)

SELECT long('( 0h 2m 30s ,-90d 0m 0s)'::spoint);
        long        
--------------------
 0.0109083078249646
(1 row)

SELECT long('(24h 2m 30s , 0d 0m 0s)'::spoint);
        long        
--------------------
 0.0109083078249643
(1 row)

SELECT long('(24h 2m 30s ,95d 0m 0s)'::spoint);
       long       
------------------
 3.15250096141476
(1 row)

SELECT long('(24h 2m 30s ,85d 0m 0s)'::spoint);
        long        
--------------------
 0.0109083078249643
(1 row)

SELECT long('(24h 2m 30s ,-95d 0m 0s)'::spoint);
       long       
------------------
 3.15250096141476
(1 row)

SELECT long('(24h 2m 30s ,-85d 0m 0s)'::spoint);
        long        
--------------------
 0.0109083078249643
(1 row)

SELECT long('(24h 2m 30s ,90d 0m 0s)'::spoint);
        long        
--------------------
 0.0109083078249643
(1 row)

SELECT long('(24h 2m 30s ,-90d 0m 0s)'::spoint);
        long        
--------------------
 0.0109083078249643
(1 row)


-- lat(spoint)
SELECT lat('( 0h 2m 30s , 0d 0m 0s)'::spoint);
 lat 
-----
   0
(1 row)

SELECT lat('( 0h 2m 30s ,95d 0m 0s)'::spoint);
       lat        
------------------
 1.48352986419518
(1 row)

SELECT lat('( 0h 2m 30s ,85d 0m 0s)'::spoint);
       lat        
------------------
 1.48352986419518
(1 row)

SELECT lat('( 0h 2m 30s ,-95d 0m 0s)'::spoint);
        lat        
-------------------
 -1.48352986419518
(1 row)

SELECT lat('( 0h 2m 30s ,-85d 0m 0s)'::spoint);
        lat        
-------------------
 -1.48352986419518
(1 row)

SELECT lat('( 0h 2m 30s ,90d 0m 0s)'::spoint);
       lat       
-----------------
 1.5707963267949
(1 row)

SELECT lat('( 0h 2m 30s ,-90d 0m 0s)'::spoint);
       lat        
------------------
 -1.5707963267949
(1 row)

SELECT lat('(24h 2m 30s , 0d 0m 0s)'::spoint);
 lat 
-----
   0
(1 row)

SELECT lat('(24h 2m 30s ,95d 0m 0s)'::spoint);
       lat        
------------------
 1.48352986419518
(1 row)

SELECT lat('(24h 2m 30s ,85d 0m 0s)'::spoint);
       lat        
------------------
 1.48352986419518
(1 row)

SELECT lat('(24h 2m 30s ,-95d 0m 0s)'::spoint);
        lat        
-------------------
 -1.48352986419518
(1 row)

SELECT lat('(24h 2m 30s ,-85d 0m 0s)'::spoint);
        lat        
-------------------
 -1.48352986419518
(1 row)

SELECT lat('(24h 2m 30s ,90d 0m 0s)'::spoint);
       lat       
-----------------
 1.5707963267949
(1 row)

SELECT lat('(24h 2m 30s ,-90d 0m 0s)'::spoint);
       lat        
------------------
 -1.5707963267949
(1 row)


-- operators for points -------------
-- = operator -----------------------
SELECT ( 0h 2m 30s , 90d 0m 0s)  12h 2m 30s , 90d 0m 0s)'::spoint;
 ?column? 
----------
 t
(1 row)

SELECT ( 12h 2m 30s , 90d 0m 0s)  12h 2m 30s , 90d 0m 0s)'::spoint;
 ?column? 
----------
 t
(1 row)

SELECT ( 0h 2m 30s , 90d 0m 0s)  24h 2m 30s , 90d 0m 0s)'::spoint;
 ?column? 
----------
 t
(1 row)

SELECT ( 0h 2m 30s , -90d 0m 0s)  12h 2m 30s , -90d 0m 0s)'::spoint;
 ?column? 
----------
 t
(1 row)

SELECT ( 12h 2m 30s , -90d 0m 0s)  12h 2m 30s , -90d 0m 0s)'::spoint;
 ?column? 
----------
 t
(1 row)

SELECT ( 0h 2m 30s , -90d 0m 0s)  24h 2m 30s , -90d 0m 0s)'::spoint;
 ?column? 
----------
 t
(1 row)

SELECT ( 0h 2m 30s , 95d 0m 0s)  12h 2m 30s , 85d 0m 0s)'::spoint;
 ?column? 
----------
 t
(1 row)

SELECT ( 24h 2m 30s , 10d 0m 0s)  0h 2m 30s , 10d 0m 0s)'::spoint;
 ?column? 
----------
 t
(1 row)


SELECT ( 0h 2m 30s , 90d 0m 0s)  12h 2m 30s , -90d 0m 0s)'::spoint;
 ?column? 
----------
 f
(1 row)

SELECT ( 12h 2m 30s , 90d 0m 0s)  12h 2m 30s , -90d 0m 0s)'::spoint;
 ?column? 
----------
 f
(1 row)

SELECT ( 0h 2m 30s , 0d 0m 0s)  12h 2m 30s , 45d 0m 0s)'::spoint;
 ?column? 
----------
 f
(1 row)


-- <> operator -----------------------
SELECT ( 0h 2m 30s , 90d 0m 0s)  12h 2m 30s , 90d 0m 0s)'::spoint;
 ?column? 
----------
 f
(1 row)

SELECT ( 12h 2m 30s , 90d 0m 0s)  12h 2m 30s , 90d 0m 0s)'::spoint;
 ?column? 
----------
 f
(1 row)

SELECT ( 0h 2m 30s , 90d 0m 0s)  24h 2m 30s , 90d 0m 0s)'::spoint;
 ?column? 
----------
 f
(1 row)

SELECT ( 0h 2m 30s , -90d 0m 0s)  12h 2m 30s , -90d 0m 0s)'::spoint;
 ?column? 
----------
 f
(1 row)

SELECT ( 12h 2m 30s , -90d 0m 0s)  12h 2m 30s , -90d 0m 0s)'::spoint;
 ?column? 
----------
 f
(1 row)

SELECT ( 0h 2m 30s , -90d 0m 0s)  24h 2m 30s , -90d 0m 0s)'::spoint;
 ?column? 
----------
 f
(1 row)

SELECT ( 0h 2m 30s , 95d 0m 0s)  12h 2m 30s , 85d 0m 0s)'::spoint;
 ?column? 
----------
 f
(1 row)

SELECT ( 24h 2m 30s , 10d 0m 0s)  0h 2m 30s , 10d 0m 0s)'::spoint;
 ?column? 
----------
 f
(1 row)

--
SELECT ( 0h 2m 30s , 90d 0m 0s)  12h 2m 30s , -90d 0m 0s)'::spoint;
 ?column? 
----------
 t
(1 row)

SELECT ( 12h 2m 30s , 90d 0m 0s)  12h 2m 30s , -90d 0m 0s)'::spoint;
 ?column? 
----------
 t
(1 row)

SELECT ( 0h 2m 30s , 0d 0m 0s)  12h 2m 30s , 45d 0m 0s)'::spoint;
 ?column? 
----------
 t
(1 row)


-- <-> operator ---------------------
SELECT ( 0h 2m 30s , 0d 0m 0s)  0h 0m 30s , 0d 0m 0s)'::spoint;
      ?column?       
---------------------
 0.00872664625996925
(1 row)

SELECT ( 0h 2m 30s , 0d 0m 0s)  0h 2m 30s , 10d 0m 0s)'::spoint;
     ?column?      
-------------------
 0.174532925199433
(1 row)

SELECT ( 0h 2m 30s , 0d 0m 0s)  0h 2m 30s , -10d 0m 0s)'::spoint;
     ?column?      
-------------------
 0.174532925199433
(1 row)

SELECT ( 0h 2m 30s , 95d 0m 0s)  12h 2m 30s , 85d 0m 0s)'::spoint;
 ?column? 
----------
        0
(1 row)

SELECT ( 24h 2m 30s , 10d 0m 0s)  0h 2m 30s , -10d 0m 0s)'::spoint;
     ?column?      
-------------------
 0.349065850398866
(1 row)

SELECT ( 0h 2m 30s , 90d 0m 0s)  12h 2m 30s , 90d 0m 0s)'::spoint;
 ?column? 
----------
        0
(1 row)

SELECT ( 0h 2m 30s , -90d 0m 0s)  12h 2m 30s , -90d 0m 0s)'::spoint;
 ?column? 
----------
        0
(1 row)

